// Jest Snapshot v1, https://goo.gl/fbAQLP

exports[`matchs snapshot 1 1`] = `
<div
  className="pageSelectorContainer"
  data-testid="pageSelectorContainer"
>
  <span
    className="pageSelectorTitle"
    data-testid="pageSelectorTitle"
  >
    Page
  </span>
  <select
    className="pageSelectorSelect"
    data-testid="pageSelectorSelect"
    id="pageSelectorId"
    onChange={[Function]}
  >
    <option
      value={1}
    >
      1
    </option>
    <option
      value={2}
    >
      2
    </option>
    <option
      value={3}
    >
      3
    </option>
    <option
      value={4}
    >
      4
    </option>
    <option
      value={5}
    >
      5
    </option>
  </select>
</div>
`;
