// Jest Snapshot v1, https://goo.gl/fbAQLP

exports[`matchs snapshot 1 1`] = `<div />`;
